src/controllers/playlist.controller.ts(11,20): error TS18048: 'req.user' is possibly 'undefined'.
src/controllers/playlist.controller.ts(12,20): error TS18048: 'req.user' is possibly 'undefined'.
src/controllers/playlist.controller.ts(20,24): error TS18048: 'req.user' is possibly 'undefined'.
src/controllers/playlist.controller.ts(33,43): error TS18048: 'req.user' is possibly 'undefined'.
src/controllers/playlist.controller.ts(33,43): error TS18048: 'req.user.companyId' is possibly 'undefined'.
src/controllers/playlist.controller.ts(43,10): error TS18048: 'req.user' is possibly 'undefined'.
src/controllers/playlist.controller.ts(49,70): error TS18048: 'req.user' is possibly 'undefined'.
src/routes/v1/playlist.route.ts(2,22): error TS2307: Cannot find module '../middlewares/validate' or its corresponding type declarations.
src/routes/v1/playlist.route.ts(3,36): error TS2307: Cannot find module '../validations' or its corresponding type declarations.
src/routes/v1/playlist.route.ts(4,36): error TS2307: Cannot find module '../controllers' or its corresponding type declarations.
src/routes/v1/playlist.route.ts(5,18): error TS2307: Cannot find module '../middlewares/auth' or its corresponding type declarations.
