src/controllers/playlist.controller.ts(11,20): error TS18048: 'req.user' is possibly 'undefined'.
src/controllers/playlist.controller.ts(12,20): error TS18048: 'req.user' is possibly 'undefined'.
src/controllers/playlist.controller.ts(20,24): error TS18048: 'req.user' is possibly 'undefined'.
src/controllers/playlist.controller.ts(33,43): error TS18048: 'req.user' is possibly 'undefined'.
src/controllers/playlist.controller.ts(33,43): error TS18048: 'req.user.companyId' is possibly 'undefined'.
src/controllers/playlist.controller.ts(43,10): error TS18048: 'req.user' is possibly 'undefined'.
src/controllers/playlist.controller.ts(49,70): error TS18048: 'req.user' is possibly 'undefined'.
src/routes/v1/playlist.route.ts(2,22): error TS2307: Cannot find module '../middlewares/validate' or its corresponding type declarations.
src/routes/v1/playlist.route.ts(3,36): error TS2307: Cannot find module '../validations' or its corresponding type declarations.
src/routes/v1/playlist.route.ts(4,36): error TS2307: Cannot find module '../controllers' or its corresponding type declarations.
src/routes/v1/playlist.route.ts(5,18): error TS2307: Cannot find module '../middlewares/auth' or its corresponding type declarations.
src/services/screen.service.ts(4,28): error TS2305: Module '"../models"' has no exported member 'Playlist'.
src/services/screen.service.ts(142,49): error TS7006: Parameter 'p' implicitly has an 'any' type.
src/services/screen.service.ts(152,43): error TS2339: Property 'items' does not exist on type '{}'.
tests/fixtures/todo.fixture.ts(2,18): error TS2307: Cannot find module '../../src/models/todo.model' or its corresponding type declarations.
tests/integration/todo.test.ts(8,10): error TS2305: Module '"../../src/models"' has no exported member 'Todo'.
